[backblue.gif]
[fade.gif]
[index.html]
[www.6r-diamond.com/web/image/website/1/social_default_imageabb1.png]
[www.6r-diamond.com/web/image/website/1/faviconabb1.ico]
[www.6r-diamond.com/web/content/348-a65efdc/1/web.assets_common_minimal_js.js]
[www.6r-diamond.com/web/content/349-fd12a07/1/web.assets_frontend_minimal_js.js]
[www.6r-diamond.com/web/image/website/1/logo/6R Diamond - Moving Cargoes, Moving Forwardabb1.png]
[www.6r-diamond.com/web/image/1415/cargo-ships-in-river-being-tugged-P26SKRX.jpg]
[www.6r-diamond.com/web/image/1417/new-world-map-outine-white.png]
[www.6r-diamond.com/web/image/1421/cargo-containers.jpg]
[www.6r-diamond.com/web/image/1422/1057.jpg]
[www.6r-diamond.com/web/image/1423/airplane-air-koryo.jpg]
[www.6r-diamond.com/web/image/1424/pallet_crates_warehouse.jpg]
[www.6r-diamond.com/web/image/1425/white-truck-valley.jpg]
[www.6r-diamond.com/web/image/1426/blue-containers.jpg]
[www.6r-diamond.com/web/image/1427/PEZA.png]
[www.6r-diamond.com/web/image/1428/civil-aeronautics-board.png]
[www.6r-diamond.com/web/image/1429/ph-shippers-bureau.png]
[www.6r-diamond.com/web/image/1430/philexport.png]
[www.6r-diamond.com/web/image/1432/fobap-onlus.png]
[www.6r-diamond.com/web/image/1416/6R Logo _ DBG.png]
[www.6r-diamond.com/index.html]
[www.6r-diamond.com/web/static/src/img/odoo_logo_tiny.png]
[www.6r-diamond.com/web/static/lib/jquery.ui/images/ui-icons_444444_256x240.png]
[www.6r-diamond.com/web/static/lib/jquery.ui/images/ui-icons_555555_256x240.png]
[www.6r-diamond.com/web/static/lib/jquery.ui/images/ui-icons_ffffff_256x240.png]
[www.6r-diamond.com/web/static/lib/jquery.ui/images/ui-icons_777620_256x240.png]
[www.6r-diamond.com/web/static/lib/jquery.ui/images/ui-icons_cc0000_256x240.png]
[www.6r-diamond.com/web/static/lib/jquery.ui/images/ui-icons_777777_256x240.png]
[www.6r-diamond.com/web/static/lib/fontawesome/fonts/fontawesome-webfont3e6e.eot]
[www.6r-diamond.com/web/static/lib/fontawesome/fonts/fontawesome-webfontd41d.eot]
[www.6r-diamond.com/web/static/lib/fontawesome/fonts/fontawesome-webfont3e6e.woff2]
[www.6r-diamond.com/web/static/lib/fontawesome/fonts/fontawesome-webfont3e6e.woff]
[www.6r-diamond.com/web/static/lib/fontawesome/fonts/fontawesome-webfont3e6e.ttf]
[www.6r-diamond.com/web/static/lib/select2/select2.png]
[www.6r-diamond.com/web/static/lib/select2/select2-spinner.gif]
[www.6r-diamond.com/web/static/lib/select2/select2x2.png]
[www.6r-diamond.com/web/static/src/fonts/lato/Lato-Hai-webfont.eot]
[www.6r-diamond.com/web/static/src/fonts/lato/Lato-Hai-webfontd41d.eot]
[www.6r-diamond.com/web/static/src/fonts/lato/Lato-Hai-webfont.woff]
[www.6r-diamond.com/web/static/src/fonts/lato/Lato-Hai-webfont.ttf]
[www.6r-diamond.com/web/static/src/fonts/lato/Lato-HaiIta-webfont.eot]
[www.6r-diamond.com/web/static/src/fonts/lato/Lato-HaiIta-webfontd41d.eot]
[www.6r-diamond.com/web/static/src/fonts/lato/Lato-HaiIta-webfont.woff]
[www.6r-diamond.com/web/static/src/fonts/lato/Lato-HaiIta-webfont.ttf]
[www.6r-diamond.com/web/static/src/fonts/lato/Lato-Lig-webfont.eot]
[www.6r-diamond.com/web/static/src/fonts/lato/Lato-Lig-webfontd41d.eot]
[www.6r-diamond.com/web/static/src/fonts/lato/Lato-Lig-webfont.woff]
[www.6r-diamond.com/web/static/src/fonts/lato/Lato-Lig-webfont.ttf]
[www.6r-diamond.com/web/static/src/fonts/lato/Lato-LigIta-webfont.eot]
[www.6r-diamond.com/web/static/src/fonts/lato/Lato-LigIta-webfontd41d.eot]
[www.6r-diamond.com/web/static/src/fonts/lato/Lato-LigIta-webfont.woff]
[www.6r-diamond.com/web/static/src/fonts/lato/Lato-LigIta-webfont.ttf]
[www.6r-diamond.com/web/static/src/fonts/lato/Lato-Reg-webfont.eot]
[www.6r-diamond.com/web/static/src/fonts/lato/Lato-Reg-webfontd41d.eot]
[www.6r-diamond.com/web/static/src/fonts/lato/Lato-Reg-webfont.woff]
[www.6r-diamond.com/web/static/src/fonts/lato/Lato-Reg-webfont.ttf]
[www.6r-diamond.com/web/static/src/fonts/lato/Lato-RegIta-webfont.eot]
[www.6r-diamond.com/web/static/src/fonts/lato/Lato-RegIta-webfontd41d.eot]
[www.6r-diamond.com/web/static/src/fonts/lato/Lato-RegIta-webfont.woff]
[www.6r-diamond.com/web/static/src/fonts/lato/Lato-RegIta-webfont.ttf]
[www.6r-diamond.com/web/static/src/fonts/lato/Lato-Bol-webfont.eot]
[www.6r-diamond.com/web/static/src/fonts/lato/Lato-Bol-webfontd41d.eot]
[www.6r-diamond.com/web/static/src/fonts/lato/Lato-Bol-webfont.woff]
[www.6r-diamond.com/web/static/src/fonts/lato/Lato-Bol-webfont.ttf]
[www.6r-diamond.com/web/static/src/fonts/lato/Lato-BolIta-webfont.eot]
[www.6r-diamond.com/web/static/src/fonts/lato/Lato-BolIta-webfontd41d.eot]
[www.6r-diamond.com/web/static/src/fonts/lato/Lato-BolIta-webfont.woff]
[www.6r-diamond.com/web/static/src/fonts/lato/Lato-BolIta-webfont.ttf]
[www.6r-diamond.com/web/static/src/fonts/lato/Lato-Bla-webfont.eot]
[www.6r-diamond.com/web/static/src/fonts/lato/Lato-Bla-webfontd41d.eot]
[www.6r-diamond.com/web/static/src/fonts/lato/Lato-Bla-webfont.woff]
[www.6r-diamond.com/web/static/src/fonts/lato/Lato-Bla-webfont.ttf]
[www.6r-diamond.com/web/static/src/fonts/lato/Lato-BlaIta-webfont.eot]
[www.6r-diamond.com/web/static/src/fonts/lato/Lato-BlaIta-webfontd41d.eot]
[www.6r-diamond.com/web/static/src/fonts/lato/Lato-BlaIta-webfont.woff]
[www.6r-diamond.com/web/static/src/fonts/lato/Lato-BlaIta-webfont.ttf]
[www.6r-diamond.com/web/static/src/fonts/google/Montserrat/Montserrat-Regular.ttf]
[www.6r-diamond.com/web/static/src/fonts/google/Open_Sans/Open_Sans-Regular.ttf]
[www.6r-diamond.com/web/static/src/fonts/google/Oswald/Oswald-Regular.ttf]
[www.6r-diamond.com/web/static/src/fonts/google/Raleway/Raleway-Regular.ttf]
[www.6r-diamond.com/web/static/src/fonts/google/Roboto/Roboto-Regular.ttf]
[www.6r-diamond.com/web_editor/static/src/img/transparent.png]
[www.6r-diamond.com/web/content/1453-1e62423/1/web.assets_common.css]
[www.6r-diamond.com/theme_common/static/src/font/bebas_neue_400.ttf]
[www.6r-diamond.com/theme_common/static/src/font/bebas_neue_700.ttf]
[www.6r-diamond.com/theme_common/static/src/font/comic_400.ttf]
[www.6r-diamond.com/theme_common/static/src/font/comic_700.ttf]
[www.6r-diamond.com/theme_common/static/src/font/din_alternate_700.ttf]
[www.6r-diamond.com/theme_common/static/src/font/droid_serif_400.ttf]
[www.6r-diamond.com/theme_common/static/src/font/droid_serif_700.ttf]
[www.6r-diamond.com/theme_common/static/src/font/droid_serif_400i.ttf]
[www.6r-diamond.com/theme_common/static/src/font/droid_serif_700i.ttf]
[www.6r-diamond.com/theme_common/static/src/font/fecske_400.ttf]
[www.6r-diamond.com/theme_common/static/src/font/fontastique_400.ttf]
[www.6r-diamond.com/theme_common/static/src/font/luminari_400.ttf]
[www.6r-diamond.com/theme_common/static/src/font/proxima_nova_300.otf]
[www.6r-diamond.com/theme_common/static/src/font/proxima_nova_400.otf]
[www.6r-diamond.com/theme_common/static/src/font/proxima_nova_700.otf]
[www.6r-diamond.com/theme_common/static/src/font/sinkin_sans_200.otf]
[www.6r-diamond.com/theme_common/static/src/font/sinkin_sans_400.otf]
[www.6r-diamond.com/theme_common/static/src/font/sinkin_sans_700.otf]
[www.6r-diamond.com/theme_clean/static/src/img/backgrounds/bg_snippet_01.jpg]
[www.6r-diamond.com/theme_clean/static/src/img/backgrounds/bg_snippet_02.jpg]
[www.6r-diamond.com/theme_clean/static/src/img/backgrounds/bg_snippet_03.jpg]
[www.6r-diamond.com/theme_clean/static/src/img/backgrounds/bg_snippet_04.jpg]
[www.6r-diamond.com/theme_clean/static/src/img/backgrounds/bg_snippet_05.jpg]
[www.6r-diamond.com/theme_clean/static/src/img/backgrounds/bg_snippet_06.jpg]
[www.6r-diamond.com/theme_clean/static/src/img/backgrounds/bg_blur_img_01.jpg]
[www.6r-diamond.com/theme_clean/static/src/img/backgrounds/bg_blur_img_02.jpg]
[www.6r-diamond.com/theme_clean/static/src/img/backgrounds/bg_blur_img_03.jpg]
[www.6r-diamond.com/theme_clean/static/src/img/backgrounds/bg_blur_img_04.jpg]
[www.6r-diamond.com/theme_clean/static/src/img/backgrounds/bg_blur_img_05.jpg]
[www.6r-diamond.com/theme_clean/static/src/img/backgrounds/bg_blur_img_06.jpg]
[www.6r-diamond.com/web/content/1454-b6bcdcd/1/web.assets_frontend.css]
[www.6r-diamond.com/web/image/1433/6r-diamond-ofice.jpg]
[www.6r-diamond.com/web/image/1434/aerial-view-of-container-ship-at-sea-port-E63A8TH.jpg]
[www.6r-diamond.com/about-us.html]
[www.6r-diamond.com/web/image/1435/gearicon.png]
[www.6r-diamond.com/web/image/1436/cargo-plane.jpg]
[www.6r-diamond.com/web/image/1437/truck icon.png]
[www.6r-diamond.com/web/image/1438/numbers-03.png]
[www.6r-diamond.com/web/image/1439/numbers-07.png]
[www.6r-diamond.com/web/image/1440/numbers-06.png]
[www.6r-diamond.com/services.html]
[www.6r-diamond.com/contact-us.html]
[www.6r-diamond.com/_/web/image/1418/background_aerial-view-of-container-ship-at-sea-port-E63A8TH.html]
[www.6r-diamond.com/_/web/image/1443/background_6r-bg.html]
[www.6r-diamond.com/_/web/image/1420/background_cargo-ships-in-river-being-tugged-PMMVPC3.html]
[www.6r-diamond.com/web/static/lib/fontawesome/fonts/fontawesome-webfont3e6e.svg]
[www.6r-diamond.com/web/static/src/fonts/lato/Lato-Hai-webfont.svg]
[www.6r-diamond.com/web/static/src/fonts/lato/Lato-HaiIta-webfont.svg]
[www.6r-diamond.com/web/static/src/fonts/lato/Lato-Lig-webfont.svg]
[www.6r-diamond.com/web/static/src/fonts/lato/Lato-LigIta-webfont.svg]
[www.6r-diamond.com/web/static/src/fonts/lato/Lato-Reg-webfont.svg]
[www.6r-diamond.com/web/static/src/fonts/lato/Lato-RegIta-webfont.svg]
[www.6r-diamond.com/web/static/src/fonts/lato/Lato-Bol-webfont.svg]
[www.6r-diamond.com/web/static/src/fonts/lato/Lato-BolIta-webfont.svg]
[www.6r-diamond.com/web/static/src/fonts/lato/Lato-Bla-webfont.svg]
[www.6r-diamond.com/web/static/src/fonts/lato/Lato-BlaIta-webfont.svg]
[www.6r-diamond.com/web/static/src/img/mimetypes/unknown.svg]
[www.6r-diamond.com/web/static/src/img/mimetypes/image.svg]
[www.6r-diamond.com/web/static/src/img/mimetypes/audio.svg]
[www.6r-diamond.com/web/static/src/img/mimetypes/text.svg]
[www.6r-diamond.com/web/static/src/img/mimetypes/binary.svg]
[www.6r-diamond.com/web/static/src/img/mimetypes/video.svg]
[www.6r-diamond.com/web/static/src/img/mimetypes/archive.svg]
[www.6r-diamond.com/web/static/src/img/mimetypes/pdf.svg]
[www.6r-diamond.com/web/static/src/img/mimetypes/document.svg]
[www.6r-diamond.com/web/static/src/img/mimetypes/web_code.svg]
[www.6r-diamond.com/web/static/src/img/mimetypes/web_style.svg]
[www.6r-diamond.com/web/static/src/img/mimetypes/disk.svg]
[www.6r-diamond.com/web/static/src/img/mimetypes/spreadsheet.svg]
[www.6r-diamond.com/web/static/src/img/mimetypes/certificate.svg]
[www.6r-diamond.com/web/static/src/img/mimetypes/presentation.svg]
[www.6r-diamond.com/web/static/src/img/mimetypes/font.svg]
[www.6r-diamond.com/web/static/src/img/mimetypes/print.svg]
[www.6r-diamond.com/web/static/src/img/mimetypes/script.svg]
[www.6r-diamond.com/web/static/src/img/mimetypes/javascript.svg]
[www.6r-diamond.com/web/static/src/img/mimetypes/calendar.svg]
[www.6r-diamond.com/web/static/src/img/mimetypes/vector.svg]
[www.6r-diamond.com/web/static/src/img/empty_folder.svg]
[www.6r-diamond.com/web/image/1441/numbers-02.png]
[www.6r-diamond.com/_http_/www.6r-diamond.com/web/image/1442/background_logistic-trucks.html]
